<?xml version="1.0" encoding="UTF-8"?><mappingRoot domainID="com.ibm.msl.mapping.xml" targetNamespace="http://Ch6/xslt/XSLTransformation1_res_1" version="7.0.101" xmlns="http://www.ibm.com/2008/ccl/Mapping" xmlns:map="http://Ch6/xslt/XSLTransformation1_res_1">
    <input path="smo://smo/name%3Dwsdl-primary/message%3D%257Bhttp%253A%252F%252FCh6Library%252Fcom%252Fjunglesea%252Fch6%252Fmediations%252Finterfaces%252FWashingtonCreditAgencyService%257DrequestCreditApprovalResponseMsg/xpath%3D%252Fbody/smo.xsd"/>
    <output path="smo://smo/name%3Dwsdl-primary/message%3D%257Bhttp%253A%252F%252FCh6Library%252Fcom%252Fjunglesea%252Fch6%252Fmediations%252Finterfaces%252FCreditManagement%257DrequestCreditApprovalResponseMsg/xpath%3D%252Fbody/smo.xsd"/>
    <mappingDeclaration name="XSLTransformation1_res_1">
        <input path="body"/>
        <output path="body"/>
        <local>
            <input path="requestCreditApprovalResponse"/>
            <output path="requestCreditApprovalResponse"/>
            <local>
                <input path="customerCreditApprovalResponse"/>
                <output path="customerCreditApprovalResponse"/>
                <move>
                    <input path="id"/>
                    <output path="id"/>
                </move>
                <move>
                    <input path="approvalStatus"/>
                    <output path="approvalStatus"/>
                </move>
                <move>
                    <input path="approvalCode"/>
                    <output path="approvalCode"/>
                </move>
                <move>
                    <input path="approvalDescription"/>
                    <output path="approvalDescription"/>
                </move>
                <move>
                    <input path="creditScore"/>
                    <output path="creditScore"/>
                </move>
                <move>
                    <input path="ratingAgency"/>
                    <output path="ratingAgency"/>
                </move>
            </local>
        </local>
    </mappingDeclaration>
</mappingRoot>